[27-May-2026 11:44:35 Europe/Moscow] PHP Fatal error:  Uncaught mysqli_sql_exception: Incorrect DATETIME value: '0000-00-00 00:00:00' in C:\OSPanel\domains\kinozal.lv\include\functions.php:217
Stack trace:
#0 C:\OSPanel\domains\kinozal.lv\include\functions.php(217): mysqli_query()
#1 C:\OSPanel\domains\kinozal.lv\include\cleanup.php(73): sql_query()
#2 C:\OSPanel\domains\kinozal.lv\include\cleanup.php(228): cleanup_fetch_ids()
#3 C:\OSPanel\domains\kinozal.lv\include\functions.php(693): docleanup()
#4 [internal function]: autoclean()
#5 {main}
  thrown in C:\OSPanel\domains\kinozal.lv\include\functions.php on line 217
[27-May-2026 11:52:03 Europe/Moscow] PHP Fatal error:  Cannot redeclare kz_statuses_manual_keys() (previously declared in C:\OSPanel\domains\kinozal.lv\include\user_statuses.php:153) in C:\OSPanel\domains\kinozal.lv\include\user_statuses.php on line 257
[27-May-2026 13:01:54 Europe/Moscow] PHP Fatal error:  Uncaught mysqli_sql_exception: Incorrect DATETIME value: '0000-00-00 00:00:00' in C:\OSPanel\domains\kinozal.lv\include\functions.php:217
Stack trace:
#0 C:\OSPanel\domains\kinozal.lv\include\functions.php(217): mysqli_query()
#1 C:\OSPanel\domains\kinozal.lv\include\cleanup.php(73): sql_query()
#2 C:\OSPanel\domains\kinozal.lv\include\cleanup.php(228): cleanup_fetch_ids()
#3 C:\OSPanel\domains\kinozal.lv\include\functions.php(693): docleanup()
#4 [internal function]: autoclean()
#5 {main}
  thrown in C:\OSPanel\domains\kinozal.lv\include\functions.php on line 217
[27-May-2026 13:05:36 Europe/Moscow] PHP Fatal error:  Uncaught mysqli_sql_exception: Table 'kinozal.faq' doesn't exist in C:\OSPanel\domains\kinozal.lv\include\functions.php:217
Stack trace:
#0 C:\OSPanel\domains\kinozal.lv\include\functions.php(217): mysqli_query()
#1 C:\OSPanel\domains\kinozal.lv\admin\modules\faq.php(51): sql_query()
#2 C:\OSPanel\domains\kinozal.lv\admin\modules\faq.php(564): FaqAdmin()
#3 C:\OSPanel\domains\kinozal.lv\admin\admin.php(93): require_once('C:\\OSPanel\\doma...')
#4 C:\OSPanel\domains\kinozal.lv\admincp.php(36): include_once('C:\\OSPanel\\doma...')
#5 {main}
  thrown in C:\OSPanel\domains\kinozal.lv\include\functions.php on line 217
[27-May-2026 13:05:41 Europe/Moscow] PHP Warning:  Trying to access array offset on value of type null in C:\OSPanel\domains\kinozal.lv\details.php on line 197
[27-May-2026 13:05:41 Europe/Moscow] PHP Warning:  Trying to access array offset on value of type null in C:\OSPanel\domains\kinozal.lv\details.php on line 198
[27-May-2026 13:07:20 Europe/Moscow] PHP Warning:  Undefined array key "action" in C:\OSPanel\domains\kinozal.lv\message.php on line 40
[27-May-2026 13:07:20 Europe/Moscow] PHP Warning:  Undefined array key "action" in C:\OSPanel\domains\kinozal.lv\message.php on line 43
[27-May-2026 13:07:20 Europe/Moscow] PHP Warning:  Undefined array key "box" in C:\OSPanel\domains\kinozal.lv\message.php on line 53
[27-May-2026 13:07:20 Europe/Moscow] PHP Fatal error:  Uncaught Error: Call to undefined function mysql_fetch_assoc() in C:\OSPanel\domains\kinozal.lv\message.php:119
Stack trace:
#0 {main}
  thrown in C:\OSPanel\domains\kinozal.lv\message.php on line 119
[27-May-2026 13:07:22 Europe/Moscow] PHP Warning:  Undefined array key "action" in C:\OSPanel\domains\kinozal.lv\message.php on line 40
[27-May-2026 13:07:22 Europe/Moscow] PHP Warning:  Undefined array key "action" in C:\OSPanel\domains\kinozal.lv\message.php on line 43
[27-May-2026 13:07:22 Europe/Moscow] PHP Warning:  Undefined array key "box" in C:\OSPanel\domains\kinozal.lv\message.php on line 53
[27-May-2026 13:07:22 Europe/Moscow] PHP Fatal error:  Uncaught Error: Call to undefined function mysql_fetch_assoc() in C:\OSPanel\domains\kinozal.lv\message.php:119
Stack trace:
#0 {main}
  thrown in C:\OSPanel\domains\kinozal.lv\message.php on line 119
[27-May-2026 13:09:31 Europe/Moscow] PHP Warning:  Undefined array key "id" in C:\OSPanel\domains\kinozal.lv\friends.php on line 33
[27-May-2026 13:09:31 Europe/Moscow] PHP Warning:  Undefined array key "action" in C:\OSPanel\domains\kinozal.lv\friends.php on line 34
[27-May-2026 13:10:59 Europe/Moscow] PHP Warning:  getimagesize(): SSL: Удаленный хост принудительно разорвал существующее подключение in C:\OSPanel\domains\kinozal.lv\modtask.php on line 56
[27-May-2026 13:10:59 Europe/Moscow] PHP Notice:  getimagesize(): Send of 115 bytes failed with errno=10054 Удаленный хост принудительно разорвал существующее подключение in C:\OSPanel\domains\kinozal.lv\modtask.php on line 56
[27-May-2026 13:10:59 Europe/Moscow] PHP Warning:  getimagesize(https://i124.fastpic.org/big/2025/0116/02/267b14f1f46c566c0be0189d04b95302.jpeg): Failed to open stream: HTTP request failed! in C:\OSPanel\domains\kinozal.lv\modtask.php on line 56
[27-May-2026 13:11:01 Europe/Moscow] PHP Warning:  getimagesize(): SSL: Удаленный хост принудительно разорвал существующее подключение in C:\OSPanel\domains\kinozal.lv\modtask.php on line 56
[27-May-2026 13:11:01 Europe/Moscow] PHP Notice:  getimagesize(): Send of 115 bytes failed with errno=10054 Удаленный хост принудительно разорвал существующее подключение in C:\OSPanel\domains\kinozal.lv\modtask.php on line 56
[27-May-2026 13:11:01 Europe/Moscow] PHP Warning:  getimagesize(https://i124.fastpic.org/big/2025/0116/02/267b14f1f46c566c0be0189d04b95302.jpeg): Failed to open stream: HTTP request failed! in C:\OSPanel\domains\kinozal.lv\modtask.php on line 56
[27-May-2026 13:11:08 Europe/Moscow] PHP Warning:  getimagesize(): SSL: Удаленный хост принудительно разорвал существующее подключение in C:\OSPanel\domains\kinozal.lv\modtask.php on line 56
[27-May-2026 13:11:08 Europe/Moscow] PHP Notice:  getimagesize(): Send of 115 bytes failed with errno=10054 Удаленный хост принудительно разорвал существующее подключение in C:\OSPanel\domains\kinozal.lv\modtask.php on line 56
[27-May-2026 13:11:08 Europe/Moscow] PHP Warning:  getimagesize(https://i124.fastpic.org/big/2025/0116/02/267b14f1f46c566c0be0189d04b95302.jpeg): Failed to open stream: HTTP request failed! in C:\OSPanel\domains\kinozal.lv\modtask.php on line 56
[27-May-2026 13:11:39 Europe/Moscow] PHP Warning:  Undefined array key "action" in C:\OSPanel\domains\kinozal.lv\message.php on line 40
[27-May-2026 13:11:39 Europe/Moscow] PHP Warning:  Undefined array key "action" in C:\OSPanel\domains\kinozal.lv\message.php on line 43
[27-May-2026 13:11:39 Europe/Moscow] PHP Warning:  Undefined array key "box" in C:\OSPanel\domains\kinozal.lv\message.php on line 53
[27-May-2026 13:11:40 Europe/Moscow] PHP Warning:  Undefined array key "id" in C:\OSPanel\domains\kinozal.lv\friends.php on line 33
[27-May-2026 13:11:40 Europe/Moscow] PHP Warning:  Undefined array key "action" in C:\OSPanel\domains\kinozal.lv\friends.php on line 34
[27-May-2026 13:34:05 Europe/Moscow] PHP Fatal error:  Uncaught mysqli_sql_exception: Incorrect DATETIME value: '0000-00-00 00:00:00' in C:\OSPanel\domains\kinozal.lv\include\functions.php:217
Stack trace:
#0 C:\OSPanel\domains\kinozal.lv\include\functions.php(217): mysqli_query()
#1 C:\OSPanel\domains\kinozal.lv\include\cleanup.php(73): sql_query()
#2 C:\OSPanel\domains\kinozal.lv\include\cleanup.php(228): cleanup_fetch_ids()
#3 C:\OSPanel\domains\kinozal.lv\include\functions.php(693): docleanup()
#4 [internal function]: autoclean()
#5 {main}
  thrown in C:\OSPanel\domains\kinozal.lv\include\functions.php on line 217
[27-May-2026 13:50:27 Europe/Moscow] PHP Fatal error:  Uncaught mysqli_sql_exception: Incorrect DATETIME value: '0000-00-00 00:00:00' in C:\OSPanel\domains\kinozal.lv\include\functions.php:217
Stack trace:
#0 C:\OSPanel\domains\kinozal.lv\include\functions.php(217): mysqli_query()
#1 C:\OSPanel\domains\kinozal.lv\include\cleanup.php(73): sql_query()
#2 C:\OSPanel\domains\kinozal.lv\include\cleanup.php(228): cleanup_fetch_ids()
#3 C:\OSPanel\domains\kinozal.lv\include\functions.php(693): docleanup()
#4 [internal function]: autoclean()
#5 {main}
  thrown in C:\OSPanel\domains\kinozal.lv\include\functions.php on line 217
[27-May-2026 15:07:15 Europe/Moscow] PHP Fatal error:  Uncaught mysqli_sql_exception: Incorrect DATETIME value: '0000-00-00 00:00:00' in C:\OSPanel\domains\kinozal.lv\include\functions.php:192
Stack trace:
#0 C:\OSPanel\domains\kinozal.lv\include\functions.php(192): mysqli_query()
#1 C:\OSPanel\domains\kinozal.lv\include\cleanup.php(73): sql_query()
#2 C:\OSPanel\domains\kinozal.lv\include\cleanup.php(228): cleanup_fetch_ids()
#3 C:\OSPanel\domains\kinozal.lv\include\functions.php(668): docleanup()
#4 [internal function]: autoclean()
#5 {main}
  thrown in C:\OSPanel\domains\kinozal.lv\include\functions.php on line 192
[27-May-2026 15:23:10 Europe/Moscow] PHP Fatal error:  Uncaught mysqli_sql_exception: Incorrect DATETIME value: '0000-00-00 00:00:00' in C:\OSPanel\domains\kinozal.lv\include\functions.php:189
Stack trace:
#0 C:\OSPanel\domains\kinozal.lv\include\functions.php(189): mysqli_query()
#1 C:\OSPanel\domains\kinozal.lv\include\cleanup.php(73): sql_query()
#2 C:\OSPanel\domains\kinozal.lv\include\cleanup.php(228): cleanup_fetch_ids()
#3 C:\OSPanel\domains\kinozal.lv\include\functions.php(699): docleanup()
#4 [internal function]: autoclean()
#5 {main}
  thrown in C:\OSPanel\domains\kinozal.lv\include\functions.php on line 189
[27-May-2026 15:18:26 UTC] PHP Fatal error:  Uncaught mysqli_sql_exception: Incorrect DATETIME value: '0000-00-00 00:00:00' in /var/www/html/include/functions.php:189
Stack trace:
#0 /var/www/html/include/functions.php(189): mysqli_query(Object(mysqli), '\n        SELECT...')
#1 /var/www/html/include/cleanup.php(73): sql_query('\n        SELECT...')
#2 /var/www/html/include/cleanup.php(220): cleanup_fetch_ids('\n        SELECT...')
#3 /var/www/html/include/functions.php(699): docleanup()
#4 [internal function]: autoclean()
#5 {main}
  thrown in /var/www/html/include/functions.php on line 189
[27-May-2026 15:40:11 UTC] PHP Fatal error:  Uncaught mysqli_sql_exception: Incorrect DATETIME value: '0000-00-00 00:00:00' in /var/www/html/include/functions.php:189
Stack trace:
#0 /var/www/html/include/functions.php(189): mysqli_query(Object(mysqli), '\n        SELECT...')
#1 /var/www/html/include/cleanup.php(73): sql_query('\n        SELECT...')
#2 /var/www/html/include/cleanup.php(220): cleanup_fetch_ids('\n        SELECT...')
#3 /var/www/html/include/functions.php(699): docleanup()
#4 [internal function]: autoclean()
#5 {main}
  thrown in /var/www/html/include/functions.php on line 189
[27-May-2026 15:47:50 UTC] PHP Warning:  mysqli_connect(): php_network_getaddresses: getaddrinfo for db failed: nodename nor servname provided, or not known in /Users/nick/docker/kinozal/include/functions.php on line 268
[27-May-2026 15:47:50 UTC] PHP Fatal error:  Uncaught mysqli_sql_exception: php_network_getaddresses: getaddrinfo for db failed: nodename nor servname provided, or not known in /Users/nick/docker/kinozal/include/functions.php:268
Stack trace:
#0 /Users/nick/docker/kinozal/include/functions.php(268): mysqli_connect('db', 'kinozal', Object(SensitiveParameterValue))
#1 /Users/nick/docker/kinozal/top.php(5): dbconn(false)
#2 Command line code(1): include('/Users/nick/doc...')
#3 {main}
  thrown in /Users/nick/docker/kinozal/include/functions.php on line 268
[27-May-2026 15:49:20 UTC] PHP Fatal error:  Uncaught Error: Call to undefined function mysql_real_escape_string() in /var/www/html/include/functions.php:973
Stack trace:
#0 /var/www/html/top.php(167): sqlwildcardesc('Netflix')
#1 {main}
  thrown in /var/www/html/include/functions.php on line 973
[27-May-2026 15:50:34 UTC] PHP Warning:  Undefined array key "action" in /var/www/html/message.php on line 40
[27-May-2026 15:50:34 UTC] PHP Warning:  Undefined array key "action" in /var/www/html/message.php on line 43
[27-May-2026 15:50:34 UTC] PHP Warning:  Undefined array key "box" in /var/www/html/message.php on line 53
[27-May-2026 15:50:34 UTC] PHP Fatal error:  Uncaught Error: Call to undefined function mysql_fetch_assoc() in /var/www/html/message.php:119
Stack trace:
#0 {main}
  thrown in /var/www/html/message.php on line 119
[27-May-2026 15:53:09 UTC] PHP Warning:  Undefined array key "action" in /var/www/html/friends.php on line 34
[27-May-2026 15:56:39 UTC] PHP Warning:  Undefined array key "replyto" in /var/www/html/message.php on line 278
[27-May-2026 15:56:39 UTC] PHP Warning:  Undefined array key "auto" in /var/www/html/message.php on line 282
[27-May-2026 15:56:39 UTC] PHP Warning:  Undefined array key "std" in /var/www/html/message.php on line 283
[27-May-2026 15:56:39 UTC] PHP Fatal error:  Uncaught Error: Call to undefined function mysql_fetch_assoc() in /var/www/html/message.php:289
Stack trace:
#0 {main}
  thrown in /var/www/html/message.php on line 289
[27-May-2026 15:58:28 UTC] PHP Fatal error:  Uncaught mysqli_sql_exception: Incorrect DATETIME value: '0000-00-00 00:00:00' in /var/www/html/include/functions.php:189
Stack trace:
#0 /var/www/html/include/functions.php(189): mysqli_query(Object(mysqli), '\n        SELECT...')
#1 /var/www/html/include/cleanup.php(73): sql_query('\n        SELECT...')
#2 /var/www/html/include/cleanup.php(220): cleanup_fetch_ids('\n        SELECT...')
#3 /var/www/html/include/functions.php(699): docleanup()
#4 [internal function]: autoclean()
#5 {main}
  thrown in /var/www/html/include/functions.php on line 189
[27-May-2026 15:59:23 UTC] PHP Warning:  Undefined array key "action" in /var/www/html/message.php on line 40
[27-May-2026 15:59:23 UTC] PHP Warning:  Undefined array key "action" in /var/www/html/message.php on line 43
[27-May-2026 15:59:23 UTC] PHP Warning:  Undefined array key "box" in /var/www/html/message.php on line 53
[27-May-2026 15:59:23 UTC] PHP Fatal error:  Uncaught Error: Call to undefined function mysql_fetch_assoc() in /var/www/html/message.php:119
Stack trace:
#0 {main}
  thrown in /var/www/html/message.php on line 119
[27-May-2026 16:06:38 UTC] PHP Fatal error:  Uncaught mysqli_sql_exception: Incorrect DATE value: '0000-00-00' in /var/www/html/include/functions.php:189
Stack trace:
#0 /var/www/html/include/functions.php(189): mysqli_query(Object(mysqli), '\n    SELECT id,...')
#1 /var/www/html/blocks/block-birthday.php(15): sql_query('\n    SELECT id,...')
#2 /var/www/html/include/blocks.php(51): require('/var/www/html/b...')
#3 /var/www/html/include/blocks.php(254): render_blocks('block-birthday....', '\xD0\x94\xD0\xB5\xD0\xBD\xD1\x8C \xD1\x80\xD0\xBE\xD0\xB6...', '', '14', 'r', true)
#4 /var/www/html/themes/TBDev/stdhead.php(378): show_blocks('r')
#5 /var/www/html/include/functions.php(1011): require_once('/var/www/html/t...')
#6 /var/www/html/index.php(32): stdhead('\xD0\xA2\xD0\xBE\xD1\x80\xD1\x80\xD0\xB5\xD0\xBD\xD1\x82 ...')
#7 {main}
  thrown in /var/www/html/include/functions.php on line 189
[27-May-2026 16:06:39 UTC] PHP Fatal error:  Uncaught mysqli_sql_exception: Incorrect DATE value: '0000-00-00' in /var/www/html/include/functions.php:189
Stack trace:
#0 /var/www/html/include/functions.php(189): mysqli_query(Object(mysqli), '\n    SELECT id,...')
#1 /var/www/html/blocks/block-birthday.php(15): sql_query('\n    SELECT id,...')
#2 /var/www/html/include/blocks.php(51): require('/var/www/html/b...')
#3 /var/www/html/include/blocks.php(254): render_blocks('block-birthday....', '\xD0\x94\xD0\xB5\xD0\xBD\xD1\x8C \xD1\x80\xD0\xBE\xD0\xB6...', '', '14', 'r', true)
#4 /var/www/html/themes/TBDev/stdhead.php(378): show_blocks('r')
#5 /var/www/html/include/functions.php(1011): require_once('/var/www/html/t...')
#6 /var/www/html/index.php(32): stdhead('\xD0\xA2\xD0\xBE\xD1\x80\xD1\x80\xD0\xB5\xD0\xBD\xD1\x82 ...')
#7 {main}
  thrown in /var/www/html/include/functions.php on line 189
[27-May-2026 16:06:41 UTC] PHP Fatal error:  Uncaught mysqli_sql_exception: Incorrect DATE value: '0000-00-00' in /var/www/html/include/functions.php:189
Stack trace:
#0 /var/www/html/include/functions.php(189): mysqli_query(Object(mysqli), '\n    SELECT id,...')
#1 /var/www/html/blocks/block-birthday.php(15): sql_query('\n    SELECT id,...')
#2 /var/www/html/include/blocks.php(51): require('/var/www/html/b...')
#3 /var/www/html/include/blocks.php(258): render_blocks('block-birthday....', '\xD0\x94\xD0\xB5\xD0\xBD\xD1\x8C \xD1\x80\xD0\xBE\xD0\xB6...', '', '14', 'r', true)
#4 /var/www/html/themes/TBDev/stdhead.php(378): show_blocks('r')
#5 /var/www/html/include/functions.php(1011): require_once('/var/www/html/t...')
#6 /var/www/html/index.php(32): stdhead('\xD0\xA2\xD0\xBE\xD1\x80\xD1\x80\xD0\xB5\xD0\xBD\xD1\x82 ...')
#7 {main}
  thrown in /var/www/html/include/functions.php on line 189
[27-May-2026 16:06:41 UTC] PHP Fatal error:  Uncaught mysqli_sql_exception: Incorrect DATE value: '0000-00-00' in /var/www/html/include/functions.php:189
Stack trace:
#0 /var/www/html/include/functions.php(189): mysqli_query(Object(mysqli), '\n    SELECT id,...')
#1 /var/www/html/blocks/block-birthday.php(15): sql_query('\n    SELECT id,...')
#2 /var/www/html/include/blocks.php(51): require('/var/www/html/b...')
#3 /var/www/html/include/blocks.php(258): render_blocks('block-birthday....', '\xD0\x94\xD0\xB5\xD0\xBD\xD1\x8C \xD1\x80\xD0\xBE\xD0\xB6...', '', '14', 'r', true)
#4 /var/www/html/themes/TBDev/stdhead.php(378): show_blocks('r')
#5 /var/www/html/include/functions.php(1011): require_once('/var/www/html/t...')
#6 /var/www/html/index.php(32): stdhead('\xD0\xA2\xD0\xBE\xD1\x80\xD1\x80\xD0\xB5\xD0\xBD\xD1\x82 ...')
#7 {main}
  thrown in /var/www/html/include/functions.php on line 189
[27-May-2026 16:07:05 UTC] PHP Fatal error:  Uncaught mysqli_sql_exception: Incorrect DATE value: '0000-00-00' in /var/www/html/include/functions.php:189
Stack trace:
#0 /var/www/html/include/functions.php(189): mysqli_query(Object(mysqli), '\n    SELECT id,...')
#1 /var/www/html/blocks/block-birthday.php(15): sql_query('\n    SELECT id,...')
#2 /var/www/html/include/blocks.php(51): require('/var/www/html/b...')
#3 /var/www/html/include/blocks.php(258): render_blocks('block-birthday....', '\xD0\x94\xD0\xB5\xD0\xBD\xD1\x8C \xD1\x80\xD0\xBE\xD0\xB6...', '', '14', 'r', true)
#4 /var/www/html/themes/TBDev/stdhead.php(378): show_blocks('r')
#5 /var/www/html/include/functions.php(1011): require_once('/var/www/html/t...')
#6 /var/www/html/index.php(32): stdhead('\xD0\xA2\xD0\xBE\xD1\x80\xD1\x80\xD0\xB5\xD0\xBD\xD1\x82 ...')
#7 {main}
  thrown in /var/www/html/include/functions.php on line 189
[27-May-2026 16:07:06 UTC] PHP Fatal error:  Uncaught mysqli_sql_exception: Incorrect DATE value: '0000-00-00' in /var/www/html/include/functions.php:189
Stack trace:
#0 /var/www/html/include/functions.php(189): mysqli_query(Object(mysqli), '\n    SELECT id,...')
#1 /var/www/html/blocks/block-birthday.php(15): sql_query('\n    SELECT id,...')
#2 /var/www/html/include/blocks.php(51): require('/var/www/html/b...')
#3 /var/www/html/include/blocks.php(258): render_blocks('block-birthday....', '\xD0\x94\xD0\xB5\xD0\xBD\xD1\x8C \xD1\x80\xD0\xBE\xD0\xB6...', '', '14', 'r', true)
#4 /var/www/html/themes/TBDev/stdhead.php(378): show_blocks('r')
#5 /var/www/html/include/functions.php(1011): require_once('/var/www/html/t...')
#6 /var/www/html/index.php(32): stdhead('\xD0\xA2\xD0\xBE\xD1\x80\xD1\x80\xD0\xB5\xD0\xBD\xD1\x82 ...')
#7 {main}
  thrown in /var/www/html/include/functions.php on line 189
[27-May-2026 16:07:06 UTC] PHP Fatal error:  Uncaught mysqli_sql_exception: Incorrect DATE value: '0000-00-00' in /var/www/html/include/functions.php:189
Stack trace:
#0 /var/www/html/include/functions.php(189): mysqli_query(Object(mysqli), '\n    SELECT id,...')
#1 /var/www/html/blocks/block-birthday.php(15): sql_query('\n    SELECT id,...')
#2 /var/www/html/include/blocks.php(51): require('/var/www/html/b...')
#3 /var/www/html/include/blocks.php(258): render_blocks('block-birthday....', '\xD0\x94\xD0\xB5\xD0\xBD\xD1\x8C \xD1\x80\xD0\xBE\xD0\xB6...', '', '14', 'r', true)
#4 /var/www/html/themes/TBDev/stdhead.php(378): show_blocks('r')
#5 /var/www/html/include/functions.php(1011): require_once('/var/www/html/t...')
#6 /var/www/html/index.php(32): stdhead('\xD0\xA2\xD0\xBE\xD1\x80\xD1\x80\xD0\xB5\xD0\xBD\xD1\x82 ...')
#7 {main}
  thrown in /var/www/html/include/functions.php on line 189
[27-May-2026 16:07:06 UTC] PHP Fatal error:  Uncaught mysqli_sql_exception: Incorrect DATE value: '0000-00-00' in /var/www/html/include/functions.php:189
Stack trace:
#0 /var/www/html/include/functions.php(189): mysqli_query(Object(mysqli), '\n    SELECT id,...')
#1 /var/www/html/blocks/block-birthday.php(15): sql_query('\n    SELECT id,...')
#2 /var/www/html/include/blocks.php(51): require('/var/www/html/b...')
#3 /var/www/html/include/blocks.php(258): render_blocks('block-birthday....', '\xD0\x94\xD0\xB5\xD0\xBD\xD1\x8C \xD1\x80\xD0\xBE\xD0\xB6...', '', '14', 'r', true)
#4 /var/www/html/themes/TBDev/stdhead.php(378): show_blocks('r')
#5 /var/www/html/include/functions.php(1011): require_once('/var/www/html/t...')
#6 /var/www/html/index.php(32): stdhead('\xD0\xA2\xD0\xBE\xD1\x80\xD1\x80\xD0\xB5\xD0\xBD\xD1\x82 ...')
#7 {main}
  thrown in /var/www/html/include/functions.php on line 189
[27-May-2026 16:07:06 UTC] PHP Fatal error:  Uncaught mysqli_sql_exception: Incorrect DATE value: '0000-00-00' in /var/www/html/include/functions.php:189
Stack trace:
#0 /var/www/html/include/functions.php(189): mysqli_query(Object(mysqli), '\n    SELECT id,...')
#1 /var/www/html/blocks/block-birthday.php(15): sql_query('\n    SELECT id,...')
#2 /var/www/html/include/blocks.php(51): require('/var/www/html/b...')
#3 /var/www/html/include/blocks.php(258): render_blocks('block-birthday....', '\xD0\x94\xD0\xB5\xD0\xBD\xD1\x8C \xD1\x80\xD0\xBE\xD0\xB6...', '', '14', 'r', true)
#4 /var/www/html/themes/TBDev/stdhead.php(378): show_blocks('r')
#5 /var/www/html/include/functions.php(1011): require_once('/var/www/html/t...')
#6 /var/www/html/index.php(32): stdhead('\xD0\xA2\xD0\xBE\xD1\x80\xD1\x80\xD0\xB5\xD0\xBD\xD1\x82 ...')
#7 {main}
  thrown in /var/www/html/include/functions.php on line 189
[27-May-2026 16:07:07 UTC] PHP Fatal error:  Uncaught mysqli_sql_exception: Incorrect DATE value: '0000-00-00' in /var/www/html/include/functions.php:189
Stack trace:
#0 /var/www/html/include/functions.php(189): mysqli_query(Object(mysqli), '\n    SELECT id,...')
#1 /var/www/html/blocks/block-birthday.php(15): sql_query('\n    SELECT id,...')
#2 /var/www/html/include/blocks.php(51): require('/var/www/html/b...')
#3 /var/www/html/include/blocks.php(258): render_blocks('block-birthday....', '\xD0\x94\xD0\xB5\xD0\xBD\xD1\x8C \xD1\x80\xD0\xBE\xD0\xB6...', '', '14', 'r', true)
#4 /var/www/html/themes/TBDev/stdhead.php(378): show_blocks('r')
#5 /var/www/html/include/functions.php(1011): require_once('/var/www/html/t...')
#6 /var/www/html/index.php(32): stdhead('\xD0\xA2\xD0\xBE\xD1\x80\xD1\x80\xD0\xB5\xD0\xBD\xD1\x82 ...')
#7 {main}
  thrown in /var/www/html/include/functions.php on line 189
[27-May-2026 16:07:07 UTC] PHP Fatal error:  Uncaught mysqli_sql_exception: Incorrect DATE value: '0000-00-00' in /var/www/html/include/functions.php:189
Stack trace:
#0 /var/www/html/include/functions.php(189): mysqli_query(Object(mysqli), '\n    SELECT id,...')
#1 /var/www/html/blocks/block-birthday.php(15): sql_query('\n    SELECT id,...')
#2 /var/www/html/include/blocks.php(51): require('/var/www/html/b...')
#3 /var/www/html/include/blocks.php(258): render_blocks('block-birthday....', '\xD0\x94\xD0\xB5\xD0\xBD\xD1\x8C \xD1\x80\xD0\xBE\xD0\xB6...', '', '14', 'r', true)
#4 /var/www/html/themes/TBDev/stdhead.php(378): show_blocks('r')
#5 /var/www/html/include/functions.php(1011): require_once('/var/www/html/t...')
#6 /var/www/html/index.php(32): stdhead('\xD0\xA2\xD0\xBE\xD1\x80\xD1\x80\xD0\xB5\xD0\xBD\xD1\x82 ...')
#7 {main}
  thrown in /var/www/html/include/functions.php on line 189
[27-May-2026 16:07:07 UTC] PHP Fatal error:  Uncaught mysqli_sql_exception: Incorrect DATE value: '0000-00-00' in /var/www/html/include/functions.php:189
Stack trace:
#0 /var/www/html/include/functions.php(189): mysqli_query(Object(mysqli), '\n    SELECT id,...')
#1 /var/www/html/blocks/block-birthday.php(15): sql_query('\n    SELECT id,...')
#2 /var/www/html/include/blocks.php(51): require('/var/www/html/b...')
#3 /var/www/html/include/blocks.php(258): render_blocks('block-birthday....', '\xD0\x94\xD0\xB5\xD0\xBD\xD1\x8C \xD1\x80\xD0\xBE\xD0\xB6...', '', '14', 'r', true)
#4 /var/www/html/themes/TBDev/stdhead.php(378): show_blocks('r')
#5 /var/www/html/include/functions.php(1011): require_once('/var/www/html/t...')
#6 /var/www/html/index.php(32): stdhead('\xD0\xA2\xD0\xBE\xD1\x80\xD1\x80\xD0\xB5\xD0\xBD\xD1\x82 ...')
#7 {main}
  thrown in /var/www/html/include/functions.php on line 189
[27-May-2026 16:07:08 UTC] PHP Fatal error:  Uncaught mysqli_sql_exception: Incorrect DATE value: '0000-00-00' in /var/www/html/include/functions.php:189
Stack trace:
#0 /var/www/html/include/functions.php(189): mysqli_query(Object(mysqli), '\n    SELECT id,...')
#1 /var/www/html/blocks/block-birthday.php(15): sql_query('\n    SELECT id,...')
#2 /var/www/html/include/blocks.php(51): require('/var/www/html/b...')
#3 /var/www/html/include/blocks.php(258): render_blocks('block-birthday....', '\xD0\x94\xD0\xB5\xD0\xBD\xD1\x8C \xD1\x80\xD0\xBE\xD0\xB6...', '', '14', 'r', true)
#4 /var/www/html/themes/TBDev/stdhead.php(378): show_blocks('r')
#5 /var/www/html/include/functions.php(1011): require_once('/var/www/html/t...')
#6 /var/www/html/index.php(32): stdhead('\xD0\xA2\xD0\xBE\xD1\x80\xD1\x80\xD0\xB5\xD0\xBD\xD1\x82 ...')
#7 {main}
  thrown in /var/www/html/include/functions.php on line 189
